// Jest Snapshot v1, https://goo.gl/fbAQLP

exports[`NewsContainer should return a snapshot with all data passed correctly 1`] = `
<section
  className="news-container"
>
  <NewsArticle
    article={
      Object {
        "description": "The web slinger will be the only superhero with the ability to cross between Disney and Sonyâ€™s cinematic universes, according to Marvel Studios.",
        "headline": "Spider-Man Will Remain in the Marvel Cinematic Universe",
        "id": 1,
        "img": "https://static01.nyt.com/images/2019/09/27/multimedia/27xp-spiderman/27xp-spiderman-superJumbo.jpg?quality=90&auto=webp",
        "url": "https://www.nytimes.com/2019/09/27/business/media/spiderman-mcu-sony-marvel.html",
      }
    }
    key="1"
  />
</section>
`;
