// Jest Snapshot v1, https://goo.gl/fbAQLP

exports[`SearchForm should match snapshot 1`] = `
<form>
  <input
    className="search-input"
    name="headline"
    onChange={[Function]}
    placeholder="Search for news article here."
    type="text"
    value=""
  />
  <button
    className="search-button"
    onClick={[Function]}
  >
     Search Now 
  </button>
</form>
`;
